// Jest Snapshot v1, https://goo.gl/fbAQLP

exports[`List renders ok 1`] = `
<View>
  <Text
    accessible={true}
    allowFontScaling={true}
    ellipsizeMode="tail"
  >
    Apple
     
    2.99
  </Text>
  <Text
    accessible={true}
    allowFontScaling={true}
    ellipsizeMode="tail"
  >
    Orange
     
    3.25
  </Text>
</View>
`;
