// Jest Snapshot v1, https://goo.gl/fbAQLP

exports[`Syntax renders classic 1`] = `
<View>
  <Text
    accessible={true}
    allowFontScaling={true}
    ellipsizeMode="tail"
  >
    Hello world!
  </Text>
</View>
`;

exports[`Syntax renders classy 1`] = `
<View>
  <Text
    accessible={true}
    allowFontScaling={true}
    ellipsizeMode="tail"
  >
    Hello world!
  </Text>
</View>
`;

exports[`Syntax renders classy 2`] = `
<View>
  <Text
    accessible={true}
    allowFontScaling={true}
    ellipsizeMode="tail"
  >
    Hello world!
  </Text>
</View>
`;
